# 1

2

## 3

4
* 5
* 6
* 7
1. 8
2. 9
3. 10

> 11

12 <#> 13

──┬──
14│15
──┼──
16│17
──┴──
18
19 20
