Searching for ``...
Exact matches in `docset-1`:
   1  type-1/1
